Archive member included to satisfy reference by file (symbol)

/data/edk2/ToyBootPkg/Build/DEBUG_GCC5/X64/ToyBootPkg/ToyBootPkg/OUTPUT/ToyBootPkg.lib(Boot.obj)
                              (--whole-archive)
/data/edk2/ToyBootPkg/Build/DEBUG_GCC5/X64/ToyBootPkg/ToyBootPkg/OUTPUT/ToyBootPkg.lib(Load.obj)
                              (--whole-archive)
/data/edk2/ToyBootPkg/Build/DEBUG_GCC5/X64/ToyBootPkg/ToyBootPkg/OUTPUT/ToyBootPkg.lib(Prograss.obj)
                              (--whole-archive)
/data/edk2/ToyBootPkg/Build/DEBUG_GCC5/X64/ToyBootPkg/ToyBootPkg/OUTPUT/ToyBootPkg.lib(Protocol.obj)
                              (--whole-archive)
/data/edk2/ToyBootPkg/Build/DEBUG_GCC5/X64/ToyBootPkg/ToyBootPkg/OUTPUT/ToyBootPkg.lib(File.obj)
                              (--whole-archive)
/data/edk2/ToyBootPkg/Build/DEBUG_GCC5/X64/ToyBootPkg/ToyBootPkg/OUTPUT/ToyBootPkg.lib(Tools.obj)
                              (--whole-archive)
/data/edk2/ToyBootPkg/Build/DEBUG_GCC5/X64/ToyBootPkg/ToyBootPkg/OUTPUT/ToyBootPkg.lib(MemoryUefi.obj)
                              (--whole-archive)
/data/edk2/ToyBootPkg/Build/DEBUG_GCC5/X64/ToyBootPkg/ToyBootPkg/OUTPUT/ToyBootPkg.lib(Log.obj)
                              (--whole-archive)
/data/edk2/ToyBootPkg/Build/DEBUG_GCC5/X64/ToyBootPkg/ToyBootPkg/OUTPUT/ToyBootPkg.lib(Video.obj)
                              (--whole-archive)
/data/edk2/ToyBootPkg/Build/DEBUG_GCC5/X64/ToyBootPkg/ToyBootPkg/OUTPUT/ToyBootPkg.lib(AutoGen.obj)
                              (--whole-archive)
/data/edk2/ToyBootPkg/Build/DEBUG_GCC5/X64/MdePkg/Library/RegisterFilterLibNull/RegisterFilterLibNull/OUTPUT/FilterLibNull.lib(RegisterFilterLibNull.obj)
                              (--whole-archive)
/data/edk2/ToyBootPkg/Build/DEBUG_GCC5/X64/MdePkg/Library/BaseLib/BaseLib/OUTPUT/BaseLib.lib(CheckSum.obj)
                              (--whole-archive)
/data/edk2/ToyBootPkg/Build/DEBUG_GCC5/X64/MdePkg/Library/BaseLib/BaseLib/OUTPUT/BaseLib.lib(SwitchStack.obj)
                              (--whole-archive)
/data/edk2/ToyBootPkg/Build/DEBUG_GCC5/X64/MdePkg/Library/BaseLib/BaseLib/OUTPUT/BaseLib.lib(SwapBytes64.obj)
                              (--whole-archive)
/data/edk2/ToyBootPkg/Build/DEBUG_GCC5/X64/MdePkg/Library/BaseLib/BaseLib/OUTPUT/BaseLib.lib(SwapBytes32.obj)
                              (--whole-archive)
/data/edk2/ToyBootPkg/Build/DEBUG_GCC5/X64/MdePkg/Library/BaseLib/BaseLib/OUTPUT/BaseLib.lib(SwapBytes16.obj)
                              (--whole-archive)
/data/edk2/ToyBootPkg/Build/DEBUG_GCC5/X64/MdePkg/Library/BaseLib/BaseLib/OUTPUT/BaseLib.lib(LongJump.obj)
                              (--whole-archive)
/data/edk2/ToyBootPkg/Build/DEBUG_GCC5/X64/MdePkg/Library/BaseLib/BaseLib/OUTPUT/BaseLib.lib(SetJump.obj)
                              (--whole-archive)
/data/edk2/ToyBootPkg/Build/DEBUG_GCC5/X64/MdePkg/Library/BaseLib/BaseLib/OUTPUT/BaseLib.lib(QuickSort.obj)
                              (--whole-archive)
/data/edk2/ToyBootPkg/Build/DEBUG_GCC5/X64/MdePkg/Library/BaseLib/BaseLib/OUTPUT/BaseLib.lib(RShiftU64.obj)
                              (--whole-archive)
/data/edk2/ToyBootPkg/Build/DEBUG_GCC5/X64/MdePkg/Library/BaseLib/BaseLib/OUTPUT/BaseLib.lib(RRotU64.obj)
                              (--whole-archive)
/data/edk2/ToyBootPkg/Build/DEBUG_GCC5/X64/MdePkg/Library/BaseLib/BaseLib/OUTPUT/BaseLib.lib(RRotU32.obj)
                              (--whole-archive)
/data/edk2/ToyBootPkg/Build/DEBUG_GCC5/X64/MdePkg/Library/BaseLib/BaseLib/OUTPUT/BaseLib.lib(MultU64x64.obj)
                              (--whole-archive)
/data/edk2/ToyBootPkg/Build/DEBUG_GCC5/X64/MdePkg/Library/BaseLib/BaseLib/OUTPUT/BaseLib.lib(MultU64x32.obj)
                              (--whole-archive)
/data/edk2/ToyBootPkg/Build/DEBUG_GCC5/X64/MdePkg/Library/BaseLib/BaseLib/OUTPUT/BaseLib.lib(MultS64x64.obj)
                              (--whole-archive)
/data/edk2/ToyBootPkg/Build/DEBUG_GCC5/X64/MdePkg/Library/BaseLib/BaseLib/OUTPUT/BaseLib.lib(ModU64x32.obj)
                              (--whole-archive)
/data/edk2/ToyBootPkg/Build/DEBUG_GCC5/X64/MdePkg/Library/BaseLib/BaseLib/OUTPUT/BaseLib.lib(LShiftU64.obj)
                              (--whole-archive)
/data/edk2/ToyBootPkg/Build/DEBUG_GCC5/X64/MdePkg/Library/BaseLib/BaseLib/OUTPUT/BaseLib.lib(LRotU64.obj)
                              (--whole-archive)
/data/edk2/ToyBootPkg/Build/DEBUG_GCC5/X64/MdePkg/Library/BaseLib/BaseLib/OUTPUT/BaseLib.lib(LRotU32.obj)
                              (--whole-archive)
/data/edk2/ToyBootPkg/Build/DEBUG_GCC5/X64/MdePkg/Library/BaseLib/BaseLib/OUTPUT/BaseLib.lib(LowBitSet64.obj)
                              (--whole-archive)
/data/edk2/ToyBootPkg/Build/DEBUG_GCC5/X64/MdePkg/Library/BaseLib/BaseLib/OUTPUT/BaseLib.lib(LowBitSet32.obj)
                              (--whole-archive)
/data/edk2/ToyBootPkg/Build/DEBUG_GCC5/X64/MdePkg/Library/BaseLib/BaseLib/OUTPUT/BaseLib.lib(HighBitSet64.obj)
[...]
Memory Configuration

Name             Origin             Length             Attributes
*default*        0x0000000000000000 0xffffffffffffffff

Linker script and memory map

START GROUP
LOAD /tmp/ToyBootPkg.dll.whnSks.ltrans0.ltrans.o
LOAD /tmp/ccCOqy9s.debug.temp.o
LOAD /tmp/ccI2bRsq.debug.temp.o
LOAD /tmp/ccFXi9ss.debug.temp.o
LOAD /tmp/ccln6ysq.debug.temp.o
LOAD /tmp/ccGAS8mt.debug.temp.o
LOAD /tmp/ccqzeUZo.debug.temp.o
LOAD /tmp/ccZRPMXo.debug.temp.o
LOAD /tmp/ccSZBmcr.debug.temp.o
LOAD /tmp/ccYyPI7s.debug.temp.o
LOAD /tmp/ccpNrOYs.debug.temp.o
LOAD /tmp/ccrQVEJr.debug.temp.o
LOAD /tmp/ccmaaAPr.debug.temp.o
LOAD /tmp/ccfxx4cr.debug.temp.o
LOAD /tmp/ccGZ7fdp.debug.temp.o
LOAD /tmp/ccJ3LdWq.debug.temp.o
LOAD /tmp/ccvAEy9s.debug.temp.o
LOAD /tmp/ccIhuZxp.debug.temp.o
LOAD /tmp/ccLhUlTo.debug.temp.o
LOAD /tmp/ccHcQefs.debug.temp.o
LOAD /tmp/cc00J7Ls.debug.temp.o
LOAD /tmp/ccmdtVWo.debug.temp.o
LOAD /tmp/cc0dgpop.debug.temp.o
LOAD /tmp/ccZqkT5s.debug.temp.o
LOAD /tmp/ccS83yRo.debug.temp.o
LOAD /tmp/ccx6PVXp.debug.temp.o
LOAD /tmp/cctMq0hp.debug.temp.o
LOAD /tmp/ccYz4OHr.debug.temp.o
LOAD /tmp/cc5UPXtq.debug.temp.o
LOAD /tmp/ccXDOqPs.debug.temp.o
LOAD /tmp/cc6ljRKs.debug.temp.o
LOAD /tmp/ccXab3ts.debug.temp.o
LOAD /tmp/cc9BHI4q.debug.temp.o
LOAD /tmp/ccGGA5Iq.debug.temp.o
LOAD /tmp/cc4TIYyq.debug.temp.o
LOAD /tmp/ccHQKZcr.debug.temp.o
LOAD /tmp/ccMyKbBp.debug.temp.o
LOAD /tmp/ccOL5lQq.debug.temp.o
LOAD /tmp/ccxO55ps.debug.temp.o
LOAD /tmp/cc2ZU9lt.debug.temp.o
LOAD /tmp/ccotRPwr.debug.temp.o
LOAD /tmp/ccUKt4Us.debug.temp.o
LOAD /tmp/ccKNRYFr.debug.temp.o
LOAD /tmp/cc7Ab8wr.debug.temp.o
LOAD /tmp/ccKJJ9Fr.debug.temp.o
LOAD /tmp/ccz9j5Is.debug.temp.o
LOAD /tmp/ccaabtVp.debug.temp.o
LOAD /tmp/cchxbTwq.debug.temp.o
LOAD /tmp/ccjmXApr.debug.temp.o
LOAD /tmp/ccZhy58r.debug.temp.o
LOAD /tmp/cchc6u7p.debug.temp.o
LOAD /tmp/cco2YiOp.debug.temp.o
LOAD /tmp/ccLs6pGr.debug.temp.o
LOAD /tmp/ccSWLr6o.debug.temp.o
LOAD /tmp/ccyAVqCp.debug.temp.o
LOAD /tmp/ccl8vLDs.debug.temp.o
LOAD /tmp/ccww9f6s.debug.temp.o
LOAD /tmp/ccbsEPqt.debug.temp.o
LOAD /tmp/ccIxkCFq.debug.temp.o
LOAD /tmp/cczUEwvq.debug.temp.o
LOAD /tmp/cckQeizr.debug.temp.o
LOAD /tmp/ccPbXKOs.debug.temp.o
LOAD /tmp/ccDzRd3p.debug.temp.o
LOAD /tmp/ccxbaVSr.debug.temp.o
LOAD /tmp/cccE5Yfq.debug.temp.o
LOAD /tmp/ccwIAQqr.debug.temp.o
LOAD /tmp/ccu2JL7o.debug.temp.o
LOAD /tmp/ccKFhwHq.debug.temp.o
LOAD /tmp/ccl5A0ds.debug.temp.o
LOAD /tmp/ccAuBxVo.debug.temp.o
LOAD /tmp/ccKqvcLq.debug.temp.o
LOAD /tmp/ccrgJf2s.debug.temp.o
LOAD /tmp/ccoCjKsr.debug.temp.o
LOAD /tmp/ccph0fLp.debug.temp.o
LOAD /tmp/ccECosDs.debug.temp.o
LOAD /tmp/ccSaZX0r.debug.temp.o
LOAD /tmp/ccK2RBPo.debug.temp.o
LOAD /tmp/cc1PzDds.debug.temp.o
LOAD /tmp/ccQTV28o.debug.temp.o
LOAD /tmp/ccjgWZ4r.debug.temp.o
LOAD /tmp/ccDCD6ks.debug.temp.o
LOAD /tmp/ccDVhyut.debug.temp.o
LOAD /tmp/ccnvJXOq.debug.temp.o
LOAD /tmp/cciEyDCq.debug.temp.o
LOAD /tmp/ccGR7dwr.debug.temp.o
LOAD /tmp/ccz9Zu6o.debug.temp.o
LOAD /tmp/cccIr6qs.debug.temp.o
LOAD /tmp/ccSbMSzr.debug.temp.o
LOAD /tmp/ccYOAZks.debug.temp.o
LOAD /tmp/cceeFdJq.debug.temp.o
LOAD /tmp/cc2DYEhp.debug.temp.o
LOAD /tmp/cc0JPE9q.debug.temp.o
LOAD /tmp/cctDuR8o.debug.temp.o
LOAD /tmp/ccDzk03s.debug.temp.o
LOAD /tmp/ccZygQmp.debug.temp.o
LOAD /tmp/ccf3VkNs.debug.temp.o
LOAD /tmp/ccCsjauq.debug.temp.o
LOAD /tmp/ccGh9t4s.debug.temp.o
LOAD /tmp/ccOnit1q.debug.temp.o
LOAD /tmp/ccYYJt5p.debug.temp.o
LOAD /tmp/ccZtZqNp.debug.temp.o
LOAD /tmp/cc6Iript.debug.temp.o
LOAD /tmp/ccjrJBDp.debug.temp.o
LOAD /tmp/ccvwny1s.debug.temp.o
LOAD /tmp/ccuaZaGs.debug.temp.o
LOAD /tmp/ccMbfVgr.debug.temp.o
LOAD /tmp/ccJVEsnq.debug.temp.o
LOAD /data/edk2/ToyBootPkg/Build/DEBUG_GCC5/X64/ToyBootPkg/ToyBootPkg/OUTPUT/ToyBootPkg.lib
LOAD /data/edk2/ToyBootPkg/Build/DEBUG_GCC5/X64/MdePkg/Library/RegisterFilterLibNull/RegisterFilterLibNull/OUTPUT/FilterLibNull.lib
LOAD /data/edk2/ToyBootPkg/Build/DEBUG_GCC5/X64/MdePkg/Library/BaseLib/BaseLib/OUTPUT/BaseLib.lib
LOAD /data/edk2/ToyBootPkg/Build/DEBUG_GCC5/X64/MdePkg/Library/BaseMemoryLib/BaseMemoryLib/OUTPUT/BaseMemoryLib.lib
LOAD /data/edk2/ToyBootPkg/Build/DEBUG_GCC5/X64/MdePkg/Library/BasePcdLibNull/BasePcdLibNull/OUTPUT/BasePcdLibNull.lib
LOAD /data/edk2/ToyBootPkg/Build/DEBUG_GCC5/X64/MdePkg/Library/BaseDebugPrintErrorLevelLib/BaseDebugPrintErrorLevelLib/OUTPUT/BaseDebugPrintErrorLevelLib.lib
LOAD /data/edk2/ToyBootPkg/Build/DEBUG_GCC5/X64/MdePkg/Library/BasePrintLib/BasePrintLib/OUTPUT/BasePrintLib.lib
LOAD /data/edk2/ToyBootPkg/Build/DEBUG_GCC5/X64/MdePkg/Library/UefiDebugLibConOut/UefiDebugLibConOut/OUTPUT/UefiDebugLibConOut.lib
LOAD /data/edk2/ToyBootPkg/Build/DEBUG_GCC5/X64/MdePkg/Library/UefiBootServicesTableLib/UefiBootServicesTableLib/OUTPUT/UefiBootServicesTableLib.lib
LOAD /data/edk2/ToyBootPkg/Build/DEBUG_GCC5/X64/MdePkg/Library/UefiMemoryAllocationLib/UefiMemoryAllocationLib/OUTPUT/UefiMemoryAllocationLib.lib
LOAD /data/edk2/ToyBootPkg/Build/DEBUG_GCC5/X64/MdePkg/Library/UefiRuntimeServicesTableLib/UefiRuntimeServicesTableLib/OUTPUT/UefiRuntimeServicesTableLib.lib
LOAD /data/edk2/ToyBootPkg/Build/DEBUG_GCC5/X64/MdePkg/Library/UefiDevicePathLib/UefiDevicePathLib/OUTPUT/UefiDevicePathLib.lib
LOAD /data/edk2/ToyBootPkg/Build/DEBUG_GCC5/X64/MdePkg/Library/UefiApplicationEntryPoint/UefiApplicationEntryPoint/OUTPUT/UefiApplicationEntryPoint.lib
LOAD /data/edk2/ToyBootPkg/Build/DEBUG_GCC5/X64/MdePkg/Library/UefiLib/UefiLib/OUTPUT/UefiLib.lib
END GROUP
                0x0000000000000228                PECOFF_HEADER_SIZE = 0x228
                0x0000000000000228                . = PECOFF_HEADER_SIZE

.text           0x0000000000000240     0x2810
 *(.text .text.* .stub .gnu.linkonce.t.*)
 .text.ExitBootServicesCallback
                0x0000000000000240        0xc /tmp/ToyBootPkg.dll.whnSks.ltrans0.ltrans.o
 .text.BasePrintLibFillBuffer
                0x000000000000024c       0x2a /tmp/ToyBootPkg.dll.whnSks.ltrans0.ltrans.o
 .text.AsciiStrnLenS
                0x0000000000000276       0x26 /tmp/ToyBootPkg.dll.whnSks.ltrans0.ltrans.o
 .text.ReadUnaligned16
                0x000000000000029c        0x4 /tmp/ToyBootPkg.dll.whnSks.ltrans0.ltrans.o
 .text.StrnLenS
                0x00000000000002a0       0x27 /tmp/ToyBootPkg.dll.whnSks.ltrans0.ltrans.o
 .text.BasePrintLibSPrintMarker.constprop.0
                0x00000000000002c7      0xb5c /tmp/ToyBootPkg.dll.whnSks.ltrans0.ltrans.o
 .text.BasePrintLibSPrint.constprop.0
                0x0000000000000e23       0xb8 /tmp/ToyBootPkg.dll.whnSks.ltrans0.ltrans.o
 .text.Print    0x0000000000000edb      0x158 /tmp/ToyBootPkg.dll.whnSks.ltrans0.ltrans.o
 .text.getHandleByProtocol.constprop.0
                0x0000000000001033       0x5e /tmp/ToyBootPkg.dll.whnSks.ltrans0.ltrans.o
 .text.LogStatus
                0x0000000000001091       0x3a /tmp/ToyBootPkg.dll.whnSks.ltrans0.ltrans.o
 .text.OpenFile.constprop.0
                0x00000000000010cb       0x7c /tmp/ToyBootPkg.dll.whnSks.ltrans0.ltrans.o
 .text.FreeM    0x0000000000001147       0x24 /tmp/ToyBootPkg.dll.whnSks.ltrans0.ltrans.o
 .text.AllocatePage
                0x000000000000116b       0x2e /tmp/ToyBootPkg.dll.whnSks.ltrans0.ltrans.o
 .text.ReadToMemoryPage
                0x0000000000001199       0xaa /tmp/ToyBootPkg.dll.whnSks.ltrans0.ltrans.o
 .text.GetFileInfo
                0x0000000000001243       0xe2 /tmp/ToyBootPkg.dll.whnSks.ltrans0.ltrans.o
 .text.openHandleByBuffer
                0x0000000000001325       0x5a /tmp/ToyBootPkg.dll.whnSks.ltrans0.ltrans.o
 .text.UefiMain
                0x000000000000137f      0x9e6 /tmp/ToyBootPkg.dll.whnSks.ltrans0.ltrans.o
 .text._ModuleEntryPoint
                0x0000000000001d65       0x8f /tmp/ToyBootPkg.dll.whnSks.ltrans0.ltrans.o
                0x0000000000001d65                _ModuleEntryPoint
 *(.rodata .rodata.* .gnu.linkonce.r.*)
 .rodata.BasePrintLibSPrintMarker.constprop.0.str1.1
                0x0000000000001df4       0x7b /tmp/ToyBootPkg.dll.whnSks.ltrans0.ltrans.o
 *fill*         0x0000000000001e6f        0x1 
 .rodata.BasePrintLibSPrintMarker.constprop.0
                0x0000000000001e70       0xec /tmp/ToyBootPkg.dll.whnSks.ltrans0.ltrans.o
 .rodata.getHandleByProtocol.constprop.0.str2.2
                0x0000000000001f5c       0x4c /tmp/ToyBootPkg.dll.whnSks.ltrans0.ltrans.o
 .rodata        0x0000000000001fa8       0x22 /tmp/ToyBootPkg.dll.whnSks.ltrans0.ltrans.o
 .rodata.LogStatus.str2.2
                0x0000000000001fca       0x26 /tmp/ToyBootPkg.dll.whnSks.ltrans0.ltrans.o
 .rodata.OpenFile.constprop.0.str2.2
                0x0000000000001ff0       0x2c /tmp/ToyBootPkg.dll.whnSks.ltrans0.ltrans.o
 .rodata.FreeM.str2.2
                0x000000000000201c       0x14 /tmp/ToyBootPkg.dll.whnSks.ltrans0.ltrans.o
 .rodata.AllocatePage.str2.2
                0x0000000000002030       0x1c /tmp/ToyBootPkg.dll.whnSks.ltrans0.ltrans.o
 .rodata.ReadToMemoryPage.str2.2
                0x000000000000204c       0xa6 /tmp/ToyBootPkg.dll.whnSks.ltrans0.ltrans.o
 .rodata.GetFileInfo.str2.2
                0x00000000000020f2       0x92 /tmp/ToyBootPkg.dll.whnSks.ltrans0.ltrans.o
 .rodata.openHandleByBuffer.str2.2
                0x0000000000002184       0x78 /tmp/ToyBootPkg.dll.whnSks.ltrans0.ltrans.o
 .rodata.UefiMain.str2.2
                0x00000000000021fc      0x4c4 /tmp/ToyBootPkg.dll.whnSks.ltrans0.ltrans.o
                                        0x4c8 (size before relaxing)
 .rodata.mHexStr
                0x00000000000026c0       0x10 /tmp/ToyBootPkg.dll.whnSks.ltrans0.ltrans.o
 *fill*         0x00000000000026d0       0x10 
 .rodata.mWarningString
                0x00000000000026e0       0x96 /tmp/ToyBootPkg.dll.whnSks.ltrans0.ltrans.o
 *fill*         0x0000000000002776        0xa 
 .rodata.mErrorString
                0x0000000000002780      0x2b5 /tmp/ToyBootPkg.dll.whnSks.ltrans0.ltrans.o
 *fill*         0x0000000000002a35        0x3 
 .rodata.cst8   0x0000000000002a38       0x18 /tmp/ToyBootPkg.dll.whnSks.ltrans0.ltrans.o
 *(.got .got.*)
 .got           0x0000000000002a50        0x0 Boot.obj (symbol from plugin)
 .got.plt       0x0000000000002a50        0x0 Boot.obj (symbol from plugin)
 *:AutoGen.obj(.data.g*Guid)

.plt            0x0000000000002a50        0x0
 .plt           0x0000000000002a50        0x0 Boot.obj (symbol from plugin)

.plt.got        0x0000000000002a50        0x0
 .plt.got       0x0000000000002a50        0x0 Boot.obj (symbol from plugin)

.data           0x0000000000002a80       0x51
 *(.data .data.* .gnu.linkonce.d.*)
 .data.gEfiSimpleFileSystemProtocolGuid
                0x0000000000002a80       0x10 /tmp/ToyBootPkg.dll.whnSks.ltrans0.ltrans.o
 .data.gEfiGraphicsOutputProtocolGuid
                0x0000000000002a90       0x10 /tmp/ToyBootPkg.dll.whnSks.ltrans0.ltrans.o
 .data.rel.ro   0x0000000000002aa0        0x0 Boot.obj (symbol from plugin)
 *(.bss .bss.*)
 .bss.gImageHandle
                0x0000000000002aa0        0x8 /tmp/ToyBootPkg.dll.whnSks.ltrans0.ltrans.o
 .bss.gRT       0x0000000000002aa8        0x8 /tmp/ToyBootPkg.dll.whnSks.ltrans0.ltrans.o
 .bss.mExitBootServicesEvent
                0x0000000000002ab0        0x8 /tmp/ToyBootPkg.dll.whnSks.ltrans0.ltrans.o
 .bss.gST       0x0000000000002ab8        0x8 /tmp/ToyBootPkg.dll.whnSks.ltrans0.ltrans.o
 .bss.gBS       0x0000000000002ac0        0x8 /tmp/ToyBootPkg.dll.whnSks.ltrans0.ltrans.o
 .bss.mDebugST  0x0000000000002ac8        0x8 /tmp/ToyBootPkg.dll.whnSks.ltrans0.ltrans.o
 .bss.mPostEBS  0x0000000000002ad0        0x1 /tmp/ToyBootPkg.dll.whnSks.ltrans0.ltrans.o

.eh_frame       0x0000000000002b00        0x0
 *(.eh_frame)
 .eh_frame      0x0000000000002b00        0x0 Boot.obj (symbol from plugin)
 .eh_frame      0x0000000000002b00        0x0 Boot.obj (symbol from plugin)

.dynbss         0x0000000000002b00        0x0
 .dynbss        0x0000000000002b00        0x0 Boot.obj (symbol from plugin)

.gnu.version_d  0x0000000000002b00        0x0
 .gnu.version_d
                0x0000000000002b00        0x0 Boot.obj (symbol from plugin)

.gnu.version    0x0000000000002b00        0x0
 .gnu.version   0x0000000000002b00        0x0 Boot.obj (symbol from plugin)

.gnu.version_r  0x0000000000002b00        0x0
 .gnu.version_r
                0x0000000000002b00        0x0 Boot.obj (symbol from plugin)

.rela           0x0000000000002b00        0x0
 *(.rela .rela.*)
 .rela.plt      0x0000000000002b00        0x0 Boot.obj (symbol from plugin)
 .rela.got      0x0000000000002b00        0x0 Boot.obj (symbol from plugin)
 .rela.bss      0x0000000000002b00        0x0 Boot.obj (symbol from plugin)
 .rela.data.rel.ro
                0x0000000000002b00        0x0 Boot.obj (symbol from plugin)
 .rela.ifunc    0x0000000000002b00        0x0 Boot.obj (symbol from plugin)

.hii
 *(.hii)

.build-id       0x0000000000002b00       0x24
 *(.note.gnu.build-id)
 .note.gnu.build-id
                0x0000000000002b00       0x24 Boot.obj (symbol from plugin)

/DISCARD/
 *(.note.GNU-stack)
 *(.gnu_debuglink)
 *(.interp)
 *(.dynsym)
 *(.dynstr)
 *(.dynamic)
 *(.hash .gnu.hash)
 *(.comment)
OUTPUT(/data/edk2/ToyBootPkg/Build/DEBUG_GCC5/X64/ToyBootPkg/ToyBootPkg/DEBUG/ToyBootPkg.dll elf64-x86-64)

.debug_info     0x0000000000000000    0x27c9b
 .debug_info    0x0000000000000000     0x28b3 /tmp/ToyBootPkg.dll.whnSks.ltrans0.ltrans.o
 .debug_info    0x00000000000028b3     0x226a /tmp/ccCOqy9s.debug.temp.o
                0x00000000000028b3                Boot.c.863e4d83
 .debug_info    0x0000000000004b1d     0x21a1 /tmp/ccI2bRsq.debug.temp.o
                0x0000000000004b1d                Load.c.f9ff759a
 .debug_info    0x0000000000006cbe     0x1dba /tmp/ccFXi9ss.debug.temp.o
                0x0000000000006cbe                Prograss.c.2f2e85dd
 .debug_info    0x0000000000008a78     0x1a37 /tmp/ccln6ysq.debug.temp.o
                0x0000000000008a78                Protocol.c.af586cda
 .debug_info    0x000000000000a4af     0x1f5a /tmp/ccGAS8mt.debug.temp.o
                0x000000000000a4af                File.c.4684788a
 .debug_info    0x000000000000c409     0x1a91 /tmp/ccqzeUZo.debug.temp.o
                0x000000000000c409                Tools.c.ff8c2cc2
 .debug_info    0x000000000000de9a     0x1b74 /tmp/ccZRPMXo.debug.temp.o
                0x000000000000de9a                MemoryUefi.c.4b263341
 .debug_info    0x000000000000fa0e     0x1a15 /tmp/ccSZBmcr.debug.temp.o
                0x000000000000fa0e                Log.c.a111ebb6
 .debug_info    0x0000000000011423     0x221f /tmp/ccYyPI7s.debug.temp.o
                0x0000000000011423                Video.c.271de3d3
 .debug_info    0x0000000000013642     0x1c6a /tmp/ccpNrOYs.debug.temp.o
                0x0000000000013642                AutoGen.c.b5d0cfc8
 .debug_info    0x00000000000152ac      0x457 /tmp/ccmaaAPr.debug.temp.o
                0x00000000000152ac                CheckSum.c.c398c0d9
 .debug_info    0x0000000000015703      0x238 /tmp/ccfxx4cr.debug.temp.o
                0x0000000000015703                SwitchStack.c.585c97fb
 .debug_info    0x000000000001593b      0x2b1 /tmp/ccIhuZxp.debug.temp.o
                0x000000000001593b                LongJump.c.3708e822
 .debug_info    0x0000000000015bec      0x2a5 /tmp/ccLhUlTo.debug.temp.o
                0x0000000000015bec                SetJump.c.67231c76
 .debug_info    0x0000000000015e91      0x26c /tmp/ccHcQefs.debug.temp.o
                0x0000000000015e91                QuickSort.c.24e75341
 .debug_info    0x00000000000160fd      0x1db /tmp/ccx6PVXp.debug.temp.o
                0x00000000000160fd                MultS64x64.c.78183b2b
 .debug_info    0x00000000000162d8      0x1e5 /tmp/ccOL5lQq.debug.temp.o
                0x00000000000162d8                DivU64x32Remainder.c.c48d09d9
 .debug_info    0x00000000000164bd      0x1d0 /tmp/ccKNRYFr.debug.temp.o
                0x00000000000164bd                CpuDeadLoop.c.483c861d
 .debug_info    0x000000000001668d     0x1004 /tmp/ccz9j5Is.debug.temp.o
                0x000000000001668d                SafeString.c.807cf594
 .debug_info    0x0000000000017691      0x43c /tmp/ccZhy58r.debug.temp.o
                0x0000000000017691                Math64.c.da433190
 .debug_info    0x0000000000017acd      0x2f0 /tmp/cchc6u7p.debug.temp.o
                0x0000000000017acd                Unaligned.c.ac74f7c1
 .debug_info    0x0000000000017dbd      0x458 /tmp/ccKFhwHq.debug.temp.o
                0x0000000000017dbd                GccInline.c.088a69a0
 .debug_info    0x0000000000018215      0x18d /tmp/ccSbMSzr.debug.temp.o
                0x0000000000018215                BaseDebugPrintErrorLevelLib.c.fc2d228f
 .debug_info    0x00000000000183a2      0x763 /tmp/ccYOAZks.debug.temp.o
                0x00000000000183a2                PrintLibInternal.c.189aa73c
 .debug_info    0x0000000000018b05      0x658 /tmp/cceeFdJq.debug.temp.o
                0x0000000000018b05                PrintLib.c.feeb4e1c
 .debug_info    0x000000000001915d     0x1ab8 /tmp/cc2DYEhp.debug.temp.o
                0x000000000001915d                DebugLib.c.721e12fd
 .debug_info    0x000000000001ac15     0x1952 /tmp/cc0JPE9q.debug.temp.o
                0x000000000001ac15                DebugLibConstructor.c.a9920252
 .debug_info    0x000000000001c567     0x18e1 /tmp/cctDuR8o.debug.temp.o
                0x000000000001c567                UefiBootServicesTableLib.c.f17572e1
 .debug_info    0x000000000001de48     0x1de1 /tmp/ccDzk03s.debug.temp.o
                0x000000000001de48                MemoryAllocationLib.c.5cf0b350
 .debug_info    0x000000000001fc29     0x18b2 /tmp/ccZygQmp.debug.temp.o
                0x000000000001fc29                UefiRuntimeServicesTableLib.c.0c39c082
 .debug_info    0x00000000000214db     0x1929 /tmp/ccZtZqNp.debug.temp.o
                0x00000000000214db                ApplicationEntryPoint.c.7e555816
 .debug_info    0x0000000000022e04     0x2720 /tmp/cc6Iript.debug.temp.o
                0x0000000000022e04                UefiLibPrint.c.4ce07584
 .debug_info    0x0000000000025524     0x2777 /tmp/ccMbfVgr.debug.temp.o
                0x0000000000025524                UefiLib.c.2836b430

.debug_abbrev   0x0000000000000000     0x350b
 .debug_abbrev  0x0000000000000000      0x1e3 /tmp/ToyBootPkg.dll.whnSks.ltrans0.ltrans.o
 .debug_abbrev  0x00000000000001e3      0x1fd /tmp/ccCOqy9s.debug.temp.o
 .debug_abbrev  0x00000000000003e0      0x20c /tmp/ccI2bRsq.debug.temp.o
 .debug_abbrev  0x00000000000005ec      0x207 /tmp/ccFXi9ss.debug.temp.o
 .debug_abbrev  0x00000000000007f3      0x1e9 /tmp/ccln6ysq.debug.temp.o
 .debug_abbrev  0x00000000000009dc      0x1d6 /tmp/ccGAS8mt.debug.temp.o
 .debug_abbrev  0x0000000000000bb2      0x1fd /tmp/ccqzeUZo.debug.temp.o
 .debug_abbrev  0x0000000000000daf      0x1fd /tmp/ccZRPMXo.debug.temp.o
 .debug_abbrev  0x0000000000000fac      0x1fa /tmp/ccSZBmcr.debug.temp.o
 .debug_abbrev  0x00000000000011a6      0x1f9 /tmp/ccYyPI7s.debug.temp.o
 .debug_abbrev  0x000000000000139f      0x254 /tmp/ccpNrOYs.debug.temp.o
 .debug_abbrev  0x00000000000015f3      0x13e /tmp/ccmaaAPr.debug.temp.o
 .debug_abbrev  0x0000000000001731       0xf4 /tmp/ccfxx4cr.debug.temp.o
 .debug_abbrev  0x0000000000001825       0xd1 /tmp/ccIhuZxp.debug.temp.o
 .debug_abbrev  0x00000000000018f6       0xd1 /tmp/ccLhUlTo.debug.temp.o
 .debug_abbrev  0x00000000000019c7       0xeb /tmp/ccHcQefs.debug.temp.o
 .debug_abbrev  0x0000000000001ab2       0xb1 /tmp/ccx6PVXp.debug.temp.o
 .debug_abbrev  0x0000000000001b63       0xb3 /tmp/ccOL5lQq.debug.temp.o
 .debug_abbrev  0x0000000000001c16       0xb6 /tmp/ccKNRYFr.debug.temp.o
 .debug_abbrev  0x0000000000001ccc      0x138 /tmp/ccz9j5Is.debug.temp.o
 .debug_abbrev  0x0000000000001e04       0xf9 /tmp/ccZhy58r.debug.temp.o
 .debug_abbrev  0x0000000000001efd       0xb3 /tmp/cchc6u7p.debug.temp.o
 .debug_abbrev  0x0000000000001fb0      0x164 /tmp/ccKFhwHq.debug.temp.o
 .debug_abbrev  0x0000000000002114       0xc6 /tmp/ccSbMSzr.debug.temp.o
 .debug_abbrev  0x00000000000021da      0x149 /tmp/ccYOAZks.debug.temp.o
 .debug_abbrev  0x0000000000002323      0x138 /tmp/cceeFdJq.debug.temp.o
 .debug_abbrev  0x000000000000245b      0x225 /tmp/cc2DYEhp.debug.temp.o
 .debug_abbrev  0x0000000000002680      0x1e5 /tmp/cc0JPE9q.debug.temp.o
 .debug_abbrev  0x0000000000002865      0x1dd /tmp/cctDuR8o.debug.temp.o
 .debug_abbrev  0x0000000000002a42      0x242 /tmp/ccDzk03s.debug.temp.o
 .debug_abbrev  0x0000000000002c84      0x1c3 /tmp/ccZygQmp.debug.temp.o
 .debug_abbrev  0x0000000000002e47      0x1fc /tmp/ccZtZqNp.debug.temp.o
 .debug_abbrev  0x0000000000003043      0x272 /tmp/cc6Iript.debug.temp.o
 .debug_abbrev  0x00000000000032b5      0x256 /tmp/ccMbfVgr.debug.temp.o

.debug_loc      0x0000000000000000     0x4bd0
 .debug_loc     0x0000000000000000     0x4bd0 /tmp/ToyBootPkg.dll.whnSks.ltrans0.ltrans.o

.debug_aranges  0x0000000000000000      0x1b0
 .debug_aranges
                0x0000000000000000      0x1b0 /tmp/ToyBootPkg.dll.whnSks.ltrans0.ltrans.o

.debug_ranges   0x0000000000000000      0xf10
 .debug_ranges  0x0000000000000000      0xf10 /tmp/ToyBootPkg.dll.whnSks.ltrans0.ltrans.o

.debug_line     0x0000000000000000     0x56d0
 .debug_line    0x0000000000000000     0x1924 /tmp/ToyBootPkg.dll.whnSks.ltrans0.ltrans.o
 .debug_line    0x0000000000001924      0x2b5 /tmp/ccCOqy9s.debug.temp.o
 .debug_line    0x0000000000001bd9      0x2a8 /tmp/ccI2bRsq.debug.temp.o
 .debug_line    0x0000000000001e81      0x273 /tmp/ccFXi9ss.debug.temp.o
 .debug_line    0x00000000000020f4      0x251 /tmp/ccln6ysq.debug.temp.o
 .debug_line    0x0000000000002345      0x26e /tmp/ccGAS8mt.debug.temp.o
 .debug_line    0x00000000000025b3      0x264 /tmp/ccqzeUZo.debug.temp.o
 .debug_line    0x0000000000002817      0x272 /tmp/ccZRPMXo.debug.temp.o
 .debug_line    0x0000000000002a89      0x24c /tmp/ccSZBmcr.debug.temp.o
 .debug_line    0x0000000000002cd5      0x28e /tmp/ccYyPI7s.debug.temp.o
 .debug_line    0x0000000000002f63      0x24b /tmp/ccpNrOYs.debug.temp.o
 .debug_line    0x00000000000031ae      0x100 /tmp/ccmaaAPr.debug.temp.o
 .debug_line    0x00000000000032ae      0x132 /tmp/ccfxx4cr.debug.temp.o
 .debug_line    0x00000000000033e0      0x12f /tmp/ccIhuZxp.debug.temp.o
 .debug_line    0x000000000000350f      0x12e /tmp/ccLhUlTo.debug.temp.o
 .debug_line    0x000000000000363d      0x130 /tmp/ccHcQefs.debug.temp.o
 .debug_line    0x000000000000376d      0x102 /tmp/ccx6PVXp.debug.temp.o
 .debug_line    0x000000000000386f      0x10a /tmp/ccOL5lQq.debug.temp.o
 .debug_line    0x0000000000003979      0x103 /tmp/ccKNRYFr.debug.temp.o
 .debug_line    0x0000000000003a7c      0x102 /tmp/ccz9j5Is.debug.temp.o
 .debug_line    0x0000000000003b7e       0xfe /tmp/ccZhy58r.debug.temp.o
 .debug_line    0x0000000000003c7c      0x101 /tmp/cchc6u7p.debug.temp.o
 .debug_line    0x0000000000003d7d      0x134 /tmp/ccKFhwHq.debug.temp.o
 .debug_line    0x0000000000003eb1      0x14f /tmp/ccSbMSzr.debug.temp.o
 .debug_line    0x0000000000004000      0x12d /tmp/ccYOAZks.debug.temp.o
 .debug_line    0x000000000000412d      0x10f /tmp/cceeFdJq.debug.temp.o
 .debug_line    0x000000000000423c      0x239 /tmp/cc2DYEhp.debug.temp.o
 .debug_line    0x0000000000004475      0x244 /tmp/cc0JPE9q.debug.temp.o
 .debug_line    0x00000000000046b9      0x29b /tmp/cctDuR8o.debug.temp.o
 .debug_line    0x0000000000004954      0x293 /tmp/ccDzk03s.debug.temp.o
 .debug_line    0x0000000000004be7      0x267 /tmp/ccZygQmp.debug.temp.o
 .debug_line    0x0000000000004e4e      0x2ba /tmp/ccZtZqNp.debug.temp.o
 .debug_line    0x0000000000005108      0x2fe /tmp/cc6Iript.debug.temp.o
 .debug_line    0x0000000000005406      0x2ca /tmp/ccMbfVgr.debug.temp.o

.debug_str      0x0000000000000000     0x4759
 .debug_str     0x0000000000000000      0x1bc /tmp/ToyBootPkg.dll.whnSks.ltrans0.ltrans.o
                                        0x1ce (size before relaxing)
 .debug_str     0x00000000000001bc     0x1b46 /tmp/ccCOqy9s.debug.temp.o
                                       0x1d3b (size before relaxing)
 .debug_str     0x0000000000001d02      0x167 /tmp/ccI2bRsq.debug.temp.o
                                       0x1b2b (size before relaxing)
 .debug_str     0x0000000000001e69       0x46 /tmp/ccFXi9ss.debug.temp.o
                                       0x1a2e (size before relaxing)
 .debug_str     0x0000000000001eaf       0x72 /tmp/ccln6ysq.debug.temp.o
                                       0x172c (size before relaxing)
 .debug_str     0x0000000000001f21       0xb4 /tmp/ccGAS8mt.debug.temp.o
                                       0x1a18 (size before relaxing)
 .debug_str     0x0000000000001fd5       0x5c /tmp/ccqzeUZo.debug.temp.o
                                       0x1751 (size before relaxing)
 .debug_str     0x0000000000002031       0x82 /tmp/ccZRPMXo.debug.temp.o
                                       0x177f (size before relaxing)
 .debug_str     0x00000000000020b3       0x60 /tmp/ccSZBmcr.debug.temp.o
                                       0x170a (size before relaxing)
 .debug_str     0x0000000000002113       0xae /tmp/ccYyPI7s.debug.temp.o
                                       0x1cf5 (size before relaxing)
 .debug_str     0x00000000000021c1      0x40e /tmp/ccpNrOYs.debug.temp.o
                                       0x1ab7 (size before relaxing)
 .debug_str     0x00000000000025cf      0x11a /tmp/ccmaaAPr.debug.temp.o
                                        0x4cc (size before relaxing)
 .debug_str     0x00000000000026e9       0x8d /tmp/ccfxx4cr.debug.temp.o
                                        0x472 (size before relaxing)
 .debug_str     0x0000000000002776       0x5f /tmp/ccIhuZxp.debug.temp.o
                                        0x443 (size before relaxing)
 .debug_str     0x00000000000027d5       0x45 /tmp/ccLhUlTo.debug.temp.o
                                        0x44c (size before relaxing)
 .debug_str     0x000000000000281a       0xa5 /tmp/ccHcQefs.debug.temp.o
                                        0x489 (size before relaxing)
 .debug_str     0x00000000000028bf       0x52 /tmp/ccx6PVXp.debug.temp.o
                                        0x425 (size before relaxing)
 .debug_str     0x0000000000002911       0x5b /tmp/ccOL5lQq.debug.temp.o
                                        0x432 (size before relaxing)
 .debug_str     0x000000000000296c       0x3c /tmp/ccKNRYFr.debug.temp.o
                                        0x415 (size before relaxing)
 .debug_str     0x00000000000029a8      0x2eb /tmp/ccz9j5Is.debug.temp.o
                                        0x7e1 (size before relaxing)
 .debug_str     0x0000000000002c93      0x17c /tmp/ccZhy58r.debug.temp.o
                                        0x593 (size before relaxing)
 .debug_str     0x0000000000002e0f       0xb2 /tmp/cchc6u7p.debug.temp.o
                                        0x48c (size before relaxing)
 .debug_str     0x0000000000002ec1      0x16b /tmp/ccKFhwHq.debug.temp.o
                                        0x557 (size before relaxing)
 .debug_str     0x000000000000302c       0xf6 /tmp/ccSbMSzr.debug.temp.o
                                        0x394 (size before relaxing)
 .debug_str     0x0000000000003122      0x2af /tmp/ccYOAZks.debug.temp.o
                                        0x69d (size before relaxing)
 .debug_str     0x00000000000033d1      0x179 /tmp/cceeFdJq.debug.temp.o
                                        0x533 (size before relaxing)
 .debug_str     0x000000000000354a      0x183 /tmp/cc2DYEhp.debug.temp.o
                                       0x16cd (size before relaxing)
 .debug_str     0x00000000000036cd       0xa0 /tmp/cc0JPE9q.debug.temp.o
                                       0x1616 (size before relaxing)
 .debug_str     0x000000000000376d       0xde /tmp/cctDuR8o.debug.temp.o
                                       0x1544 (size before relaxing)
 .debug_str     0x000000000000384b      0x2eb /tmp/ccDzk03s.debug.temp.o
                                       0x17b0 (size before relaxing)
 .debug_str     0x0000000000003b36       0xed /tmp/ccZygQmp.debug.temp.o
                                       0x1546 (size before relaxing)
 .debug_str     0x0000000000003c23       0xd4 /tmp/ccZtZqNp.debug.temp.o
                                       0x1556 (size before relaxing)
 .debug_str     0x0000000000003cf7      0x5b8 /tmp/cc6Iript.debug.temp.o
                                       0x2117 (size before relaxing)
 .debug_str     0x00000000000042af      0x4aa /tmp/ccMbfVgr.debug.temp.o
                                       0x2065 (size before relaxing)

.debug_frame    0x0000000000000000      0x638
 .debug_frame   0x0000000000000000      0x638 /tmp/ToyBootPkg.dll.whnSks.ltrans0.ltrans.o
