Archive member included to satisfy reference by file (symbol)

/data/edk2/ToyBootPkg/Build/DEBUG_GCC5/X64/ToyBootPkg/ToyBootPkg/OUTPUT/ToyBootPkg.lib(Boot.obj)
                              (--whole-archive)
/data/edk2/ToyBootPkg/Build/DEBUG_GCC5/X64/ToyBootPkg/ToyBootPkg/OUTPUT/ToyBootPkg.lib(Load.obj)
                              (--whole-archive)
/data/edk2/ToyBootPkg/Build/DEBUG_GCC5/X64/ToyBootPkg/ToyBootPkg/OUTPUT/ToyBootPkg.lib(Prograss.obj)
                              (--whole-archive)
/data/edk2/ToyBootPkg/Build/DEBUG_GCC5/X64/ToyBootPkg/ToyBootPkg/OUTPUT/ToyBootPkg.lib(Protocol.obj)
                              (--whole-archive)
/data/edk2/ToyBootPkg/Build/DEBUG_GCC5/X64/ToyBootPkg/ToyBootPkg/OUTPUT/ToyBootPkg.lib(File.obj)
                              (--whole-archive)
/data/edk2/ToyBootPkg/Build/DEBUG_GCC5/X64/ToyBootPkg/ToyBootPkg/OUTPUT/ToyBootPkg.lib(Tools.obj)
                              (--whole-archive)
/data/edk2/ToyBootPkg/Build/DEBUG_GCC5/X64/ToyBootPkg/ToyBootPkg/OUTPUT/ToyBootPkg.lib(MemoryUefi.obj)
                              (--whole-archive)
/data/edk2/ToyBootPkg/Build/DEBUG_GCC5/X64/ToyBootPkg/ToyBootPkg/OUTPUT/ToyBootPkg.lib(Log.obj)
                              (--whole-archive)
/data/edk2/ToyBootPkg/Build/DEBUG_GCC5/X64/ToyBootPkg/ToyBootPkg/OUTPUT/ToyBootPkg.lib(Video.obj)
                              (--whole-archive)
/data/edk2/ToyBootPkg/Build/DEBUG_GCC5/X64/ToyBootPkg/ToyBootPkg/OUTPUT/ToyBootPkg.lib(AutoGen.obj)
                              (--whole-archive)
/data/edk2/ToyBootPkg/Build/DEBUG_GCC5/X64/MdePkg/Library/RegisterFilterLibNull/RegisterFilterLibNull/OUTPUT/FilterLibNull.lib(RegisterFilterLibNull.obj)
                              (--whole-archive)
/data/edk2/ToyBootPkg/Build/DEBUG_GCC5/X64/MdePkg/Library/BaseLib/BaseLib/OUTPUT/BaseLib.lib(CheckSum.obj)
                              (--whole-archive)
/data/edk2/ToyBootPkg/Build/DEBUG_GCC5/X64/MdePkg/Library/BaseLib/BaseLib/OUTPUT/BaseLib.lib(SwitchStack.obj)
                              (--whole-archive)
/data/edk2/ToyBootPkg/Build/DEBUG_GCC5/X64/MdePkg/Library/BaseLib/BaseLib/OUTPUT/BaseLib.lib(SwapBytes64.obj)
                              (--whole-archive)
/data/edk2/ToyBootPkg/Build/DEBUG_GCC5/X64/MdePkg/Library/BaseLib/BaseLib/OUTPUT/BaseLib.lib(SwapBytes32.obj)
                              (--whole-archive)
/data/edk2/ToyBootPkg/Build/DEBUG_GCC5/X64/MdePkg/Library/BaseLib/BaseLib/OUTPUT/BaseLib.lib(SwapBytes16.obj)
                              (--whole-archive)
/data/edk2/ToyBootPkg/Build/DEBUG_GCC5/X64/MdePkg/Library/BaseLib/BaseLib/OUTPUT/BaseLib.lib(LongJump.obj)
                              (--whole-archive)
/data/edk2/ToyBootPkg/Build/DEBUG_GCC5/X64/MdePkg/Library/BaseLib/BaseLib/OUTPUT/BaseLib.lib(SetJump.obj)
                              (--whole-archive)
/data/edk2/ToyBootPkg/Build/DEBUG_GCC5/X64/MdePkg/Library/BaseLib/BaseLib/OUTPUT/BaseLib.lib(QuickSort.obj)
                              (--whole-archive)
/data/edk2/ToyBootPkg/Build/DEBUG_GCC5/X64/MdePkg/Library/BaseLib/BaseLib/OUTPUT/BaseLib.lib(RShiftU64.obj)
                              (--whole-archive)
/data/edk2/ToyBootPkg/Build/DEBUG_GCC5/X64/MdePkg/Library/BaseLib/BaseLib/OUTPUT/BaseLib.lib(RRotU64.obj)
                              (--whole-archive)
/data/edk2/ToyBootPkg/Build/DEBUG_GCC5/X64/MdePkg/Library/BaseLib/BaseLib/OUTPUT/BaseLib.lib(RRotU32.obj)
                              (--whole-archive)
/data/edk2/ToyBootPkg/Build/DEBUG_GCC5/X64/MdePkg/Library/BaseLib/BaseLib/OUTPUT/BaseLib.lib(MultU64x64.obj)
                              (--whole-archive)
/data/edk2/ToyBootPkg/Build/DEBUG_GCC5/X64/MdePkg/Library/BaseLib/BaseLib/OUTPUT/BaseLib.lib(MultU64x32.obj)
                              (--whole-archive)
/data/edk2/ToyBootPkg/Build/DEBUG_GCC5/X64/MdePkg/Library/BaseLib/BaseLib/OUTPUT/BaseLib.lib(MultS64x64.obj)
                              (--whole-archive)
/data/edk2/ToyBootPkg/Build/DEBUG_GCC5/X64/MdePkg/Library/BaseLib/BaseLib/OUTPUT/BaseLib.lib(ModU64x32.obj)
                              (--whole-archive)
/data/edk2/ToyBootPkg/Build/DEBUG_GCC5/X64/MdePkg/Library/BaseLib/BaseLib/OUTPUT/BaseLib.lib(LShiftU64.obj)
                              (--whole-archive)
/data/edk2/ToyBootPkg/Build/DEBUG_GCC5/X64/MdePkg/Library/BaseLib/BaseLib/OUTPUT/BaseLib.lib(LRotU64.obj)
                              (--whole-archive)
/data/edk2/ToyBootPkg/Build/DEBUG_GCC5/X64/MdePkg/Library/BaseLib/BaseLib/OUTPUT/BaseLib.lib(LRotU32.obj)
                              (--whole-archive)
/data/edk2/ToyBootPkg/Build/DEBUG_GCC5/X64/MdePkg/Library/BaseLib/BaseLib/OUTPUT/BaseLib.lib(LowBitSet64.obj)
                              (--whole-archive)
/data/edk2/ToyBootPkg/Build/DEBUG_GCC5/X64/MdePkg/Library/BaseLib/BaseLib/OUTPUT/BaseLib.lib(LowBitSet32.obj)
                              (--whole-archive)
/data/edk2/ToyBootPkg/Build/DEBUG_GCC5/X64/MdePkg/Library/BaseLib/BaseLib/OUTPUT/BaseLib.lib(HighBitSet64.obj)
[...]
Memory Configuration

Name             Origin             Length             Attributes
*default*        0x0000000000000000 0xffffffffffffffff

Linker script and memory map

START GROUP
LOAD /tmp/ToyBootPkg.dll.Bgad48.ltrans0.ltrans.o
LOAD /tmp/ccfZmtDa.debug.temp.o
LOAD /tmp/ccZqypG9.debug.temp.o
LOAD /tmp/ccTECN4a.debug.temp.o
LOAD /tmp/ccmrkNY9.debug.temp.o
LOAD /tmp/ccZ0IRfc.debug.temp.o
LOAD /tmp/ccuM9e89.debug.temp.o
LOAD /tmp/ccWvZmbc.debug.temp.o
LOAD /tmp/ccax0Npb.debug.temp.o
LOAD /tmp/cctzGiRb.debug.temp.o
LOAD /tmp/ccSZ2KGa.debug.temp.o
LOAD /tmp/cc7feGoa.debug.temp.o
LOAD /tmp/ccwGu2Pa.debug.temp.o
LOAD /tmp/cc8fJ9Ga.debug.temp.o
LOAD /tmp/ccXDAIta.debug.temp.o
LOAD /tmp/cc26mjB9.debug.temp.o
LOAD /tmp/ccWiicdb.debug.temp.o
LOAD /tmp/cctup6Sa.debug.temp.o
LOAD /tmp/ccy6pXa8.debug.temp.o
LOAD /tmp/ccg9EUhc.debug.temp.o
LOAD /tmp/ccvxF2tb.debug.temp.o
LOAD /tmp/ccfU5Gv9.debug.temp.o
LOAD /tmp/ccrJfIIa.debug.temp.o
LOAD /tmp/ccslF5ca.debug.temp.o
LOAD /tmp/ccwvqun8.debug.temp.o
LOAD /tmp/ccPEFbda.debug.temp.o
LOAD /tmp/ccebZM5a.debug.temp.o
LOAD /tmp/ccbq6xYb.debug.temp.o
LOAD /tmp/cc6qyB49.debug.temp.o
LOAD /tmp/ccaeGaf8.debug.temp.o
LOAD /tmp/ccleqd99.debug.temp.o
LOAD /tmp/ccXGl7gc.debug.temp.o
LOAD /tmp/ccUGj708.debug.temp.o
LOAD /tmp/ccBGYC58.debug.temp.o
LOAD /tmp/ccTYkNQa.debug.temp.o
LOAD /tmp/ccPStTHa.debug.temp.o
LOAD /tmp/ccw3uNdb.debug.temp.o
LOAD /tmp/ccvXj3Qa.debug.temp.o
LOAD /tmp/ccXIDUE8.debug.temp.o
LOAD /tmp/cceR5B6b.debug.temp.o
LOAD /tmp/ccCWMIla.debug.temp.o
LOAD /tmp/ccyuTFFb.debug.temp.o
LOAD /tmp/ccBkB2vc.debug.temp.o
LOAD /tmp/ccojetPa.debug.temp.o
LOAD /tmp/ccaZETsa.debug.temp.o
LOAD /tmp/cclhGanc.debug.temp.o
LOAD /tmp/cc0Smbz8.debug.temp.o
LOAD /tmp/ccsRzUM8.debug.temp.o
LOAD /tmp/cc2QiFc8.debug.temp.o
LOAD /tmp/cce0fqZa.debug.temp.o
LOAD /tmp/cciHf8i9.debug.temp.o
LOAD /tmp/ccdO9Wlc.debug.temp.o
LOAD /tmp/ccM0Ocb8.debug.temp.o
LOAD /tmp/cc9pY6ob.debug.temp.o
LOAD /tmp/cckitHna.debug.temp.o
LOAD /tmp/cc9dCzHb.debug.temp.o
LOAD /tmp/ccqNmXna.debug.temp.o
LOAD /tmp/ccejx3h9.debug.temp.o
LOAD /tmp/ccgDiqJc.debug.temp.o
LOAD /tmp/cc00Cjb9.debug.temp.o
LOAD /tmp/ccEuvqe8.debug.temp.o
LOAD /tmp/ccPToxAa.debug.temp.o
LOAD /tmp/ccsOjnc9.debug.temp.o
LOAD /tmp/ccj3qrx8.debug.temp.o
LOAD /tmp/cclps0Ca.debug.temp.o
LOAD /tmp/ccJNiBE8.debug.temp.o
LOAD /tmp/ccglDUn9.debug.temp.o
LOAD /tmp/ccVwgo18.debug.temp.o
LOAD /tmp/ccuhFoua.debug.temp.o
LOAD /tmp/ccOxXo6b.debug.temp.o
LOAD /tmp/cco6ZmRa.debug.temp.o
LOAD /tmp/ccCvpYAb.debug.temp.o
LOAD /tmp/ccQnNu68.debug.temp.o
LOAD /tmp/ccnsHqF8.debug.temp.o
LOAD /tmp/ccxK4Nv9.debug.temp.o
LOAD /tmp/ccrAjwg8.debug.temp.o
LOAD /tmp/ccX8KPm9.debug.temp.o
LOAD /tmp/ccOvOYVb.debug.temp.o
LOAD /tmp/ccht7119.debug.temp.o
LOAD /tmp/ccrgMxzb.debug.temp.o
LOAD /tmp/ccMNSHzb.debug.temp.o
LOAD /tmp/ccQq6OO9.debug.temp.o
LOAD /tmp/cckwlWi9.debug.temp.o
LOAD /tmp/ccgQRiN8.debug.temp.o
LOAD /tmp/ccGSs5p9.debug.temp.o
LOAD /tmp/cciDvPra.debug.temp.o
LOAD /tmp/ccDmIQl9.debug.temp.o
LOAD /tmp/ccZGAgvc.debug.temp.o
LOAD /tmp/ccOB3tE9.debug.temp.o
LOAD /tmp/cccTcQEc.debug.temp.o
LOAD /tmp/cc975nja.debug.temp.o
LOAD /tmp/ccZ78mMb.debug.temp.o
LOAD /tmp/ccvFcSXb.debug.temp.o
LOAD /tmp/ccpDpOX8.debug.temp.o
LOAD /tmp/ccXnI4Cc.debug.temp.o
LOAD /tmp/ccRu0h1a.debug.temp.o
LOAD /tmp/ccs19hY8.debug.temp.o
LOAD /tmp/ccacAyg9.debug.temp.o
LOAD /tmp/ccvdNJda.debug.temp.o
LOAD /tmp/ccWrP0jb.debug.temp.o
LOAD /tmp/cc0sRuvb.debug.temp.o
LOAD /tmp/ccNXVUDa.debug.temp.o
LOAD /tmp/cc8oH3Ka.debug.temp.o
LOAD /tmp/ccLrhPE9.debug.temp.o
LOAD /tmp/ccZseaka.debug.temp.o
LOAD /tmp/ccV4kP77.debug.temp.o
LOAD /tmp/ccZR2twc.debug.temp.o
LOAD /data/edk2/ToyBootPkg/Build/DEBUG_GCC5/X64/ToyBootPkg/ToyBootPkg/OUTPUT/ToyBootPkg.lib
LOAD /data/edk2/ToyBootPkg/Build/DEBUG_GCC5/X64/MdePkg/Library/RegisterFilterLibNull/RegisterFilterLibNull/OUTPUT/FilterLibNull.lib
LOAD /data/edk2/ToyBootPkg/Build/DEBUG_GCC5/X64/MdePkg/Library/BaseLib/BaseLib/OUTPUT/BaseLib.lib
LOAD /data/edk2/ToyBootPkg/Build/DEBUG_GCC5/X64/MdePkg/Library/BaseMemoryLib/BaseMemoryLib/OUTPUT/BaseMemoryLib.lib
LOAD /data/edk2/ToyBootPkg/Build/DEBUG_GCC5/X64/MdePkg/Library/BasePcdLibNull/BasePcdLibNull/OUTPUT/BasePcdLibNull.lib
LOAD /data/edk2/ToyBootPkg/Build/DEBUG_GCC5/X64/MdePkg/Library/BaseDebugPrintErrorLevelLib/BaseDebugPrintErrorLevelLib/OUTPUT/BaseDebugPrintErrorLevelLib.lib
LOAD /data/edk2/ToyBootPkg/Build/DEBUG_GCC5/X64/MdePkg/Library/BasePrintLib/BasePrintLib/OUTPUT/BasePrintLib.lib
LOAD /data/edk2/ToyBootPkg/Build/DEBUG_GCC5/X64/MdePkg/Library/UefiDebugLibConOut/UefiDebugLibConOut/OUTPUT/UefiDebugLibConOut.lib
LOAD /data/edk2/ToyBootPkg/Build/DEBUG_GCC5/X64/MdePkg/Library/UefiBootServicesTableLib/UefiBootServicesTableLib/OUTPUT/UefiBootServicesTableLib.lib
LOAD /data/edk2/ToyBootPkg/Build/DEBUG_GCC5/X64/MdePkg/Library/UefiMemoryAllocationLib/UefiMemoryAllocationLib/OUTPUT/UefiMemoryAllocationLib.lib
LOAD /data/edk2/ToyBootPkg/Build/DEBUG_GCC5/X64/MdePkg/Library/UefiRuntimeServicesTableLib/UefiRuntimeServicesTableLib/OUTPUT/UefiRuntimeServicesTableLib.lib
LOAD /data/edk2/ToyBootPkg/Build/DEBUG_GCC5/X64/MdePkg/Library/UefiDevicePathLib/UefiDevicePathLib/OUTPUT/UefiDevicePathLib.lib
LOAD /data/edk2/ToyBootPkg/Build/DEBUG_GCC5/X64/MdePkg/Library/UefiApplicationEntryPoint/UefiApplicationEntryPoint/OUTPUT/UefiApplicationEntryPoint.lib
LOAD /data/edk2/ToyBootPkg/Build/DEBUG_GCC5/X64/MdePkg/Library/UefiLib/UefiLib/OUTPUT/UefiLib.lib
END GROUP
                0x0000000000000228                PECOFF_HEADER_SIZE = 0x228
                0x0000000000000228                . = PECOFF_HEADER_SIZE

.text           0x0000000000000240     0x2670
 *(.text .text.* .stub .gnu.linkonce.t.*)
 .text.ExitBootServicesCallback
                0x0000000000000240        0xc /tmp/ToyBootPkg.dll.Bgad48.ltrans0.ltrans.o
 .text.BasePrintLibFillBuffer
                0x000000000000024c       0x2a /tmp/ToyBootPkg.dll.Bgad48.ltrans0.ltrans.o
 .text.AsciiStrnLenS
                0x0000000000000276       0x26 /tmp/ToyBootPkg.dll.Bgad48.ltrans0.ltrans.o
 .text.ReadUnaligned16
                0x000000000000029c        0x4 /tmp/ToyBootPkg.dll.Bgad48.ltrans0.ltrans.o
 .text.StrnLenS
                0x00000000000002a0       0x27 /tmp/ToyBootPkg.dll.Bgad48.ltrans0.ltrans.o
 .text.BasePrintLibSPrintMarker.constprop.0
                0x00000000000002c7      0xb5c /tmp/ToyBootPkg.dll.Bgad48.ltrans0.ltrans.o
 .text.BasePrintLibSPrint.constprop.0
                0x0000000000000e23       0xb8 /tmp/ToyBootPkg.dll.Bgad48.ltrans0.ltrans.o
 .text.Print    0x0000000000000edb      0x158 /tmp/ToyBootPkg.dll.Bgad48.ltrans0.ltrans.o
 .text.getHandleByProtocol.constprop.0
                0x0000000000001033       0x5e /tmp/ToyBootPkg.dll.Bgad48.ltrans0.ltrans.o
 .text.LogStatus
                0x0000000000001091       0x3a /tmp/ToyBootPkg.dll.Bgad48.ltrans0.ltrans.o
 .text.OpenFile.constprop.0
                0x00000000000010cb       0x7c /tmp/ToyBootPkg.dll.Bgad48.ltrans0.ltrans.o
 .text.AllocatePage
                0x0000000000001147       0x2e /tmp/ToyBootPkg.dll.Bgad48.ltrans0.ltrans.o
 .text.ReadToMemoryPage
                0x0000000000001175       0xaa /tmp/ToyBootPkg.dll.Bgad48.ltrans0.ltrans.o
 .text.GetFileInfo
                0x000000000000121f       0x8d /tmp/ToyBootPkg.dll.Bgad48.ltrans0.ltrans.o
 .text.openHandleByBuffer
                0x00000000000012ac       0x5a /tmp/ToyBootPkg.dll.Bgad48.ltrans0.ltrans.o
 .text.UefiMain
                0x0000000000001306      0x98c /tmp/ToyBootPkg.dll.Bgad48.ltrans0.ltrans.o
 .text._ModuleEntryPoint
                0x0000000000001c92       0x8f /tmp/ToyBootPkg.dll.Bgad48.ltrans0.ltrans.o
                0x0000000000001c92                _ModuleEntryPoint
 *(.rodata .rodata.* .gnu.linkonce.r.*)
 .rodata.BasePrintLibSPrintMarker.constprop.0.str1.1
                0x0000000000001d21       0x7b /tmp/ToyBootPkg.dll.Bgad48.ltrans0.ltrans.o
 .rodata.BasePrintLibSPrintMarker.constprop.0
                0x0000000000001d9c       0xec /tmp/ToyBootPkg.dll.Bgad48.ltrans0.ltrans.o
 .rodata.getHandleByProtocol.constprop.0.str2.2
                0x0000000000001e88       0x4c /tmp/ToyBootPkg.dll.Bgad48.ltrans0.ltrans.o
 .rodata        0x0000000000001ed4       0x22 /tmp/ToyBootPkg.dll.Bgad48.ltrans0.ltrans.o
 .rodata.LogStatus.str2.2
                0x0000000000001ef6       0x26 /tmp/ToyBootPkg.dll.Bgad48.ltrans0.ltrans.o
 .rodata.OpenFile.constprop.0.str2.2
                0x0000000000001f1c       0x2c /tmp/ToyBootPkg.dll.Bgad48.ltrans0.ltrans.o
 .rodata.AllocatePage.str2.2
                0x0000000000001f48       0x1c /tmp/ToyBootPkg.dll.Bgad48.ltrans0.ltrans.o
 .rodata.ReadToMemoryPage.str2.2
                0x0000000000001f64       0xa6 /tmp/ToyBootPkg.dll.Bgad48.ltrans0.ltrans.o
 .rodata.GetFileInfo.str2.2
                0x000000000000200a       0x50 /tmp/ToyBootPkg.dll.Bgad48.ltrans0.ltrans.o
 .rodata.openHandleByBuffer.str2.2
                0x000000000000205a       0x78 /tmp/ToyBootPkg.dll.Bgad48.ltrans0.ltrans.o
 .rodata.UefiMain.str2.2
                0x00000000000020d2      0x456 /tmp/ToyBootPkg.dll.Bgad48.ltrans0.ltrans.o
                                        0x45a (size before relaxing)
 *fill*         0x0000000000002528        0x8 
 .rodata.mHexStr
                0x0000000000002530       0x10 /tmp/ToyBootPkg.dll.Bgad48.ltrans0.ltrans.o
 .rodata.mWarningString
                0x0000000000002540       0x96 /tmp/ToyBootPkg.dll.Bgad48.ltrans0.ltrans.o
 *fill*         0x00000000000025d6        0xa 
 .rodata.mErrorString
                0x00000000000025e0      0x2b5 /tmp/ToyBootPkg.dll.Bgad48.ltrans0.ltrans.o
 *fill*         0x0000000000002895        0x3 
 .rodata.cst8   0x0000000000002898       0x18 /tmp/ToyBootPkg.dll.Bgad48.ltrans0.ltrans.o
 *(.got .got.*)
 .got           0x00000000000028b0        0x0 Boot.obj (symbol from plugin)
 .got.plt       0x00000000000028b0        0x0 Boot.obj (symbol from plugin)
 *:AutoGen.obj(.data.g*Guid)

.plt            0x00000000000028b0        0x0
 .plt           0x00000000000028b0        0x0 Boot.obj (symbol from plugin)

.plt.got        0x00000000000028b0        0x0
 .plt.got       0x00000000000028b0        0x0 Boot.obj (symbol from plugin)

.data           0x00000000000028c0       0x51
 *(.data .data.* .gnu.linkonce.d.*)
 .data.gEfiSimpleFileSystemProtocolGuid
                0x00000000000028c0       0x10 /tmp/ToyBootPkg.dll.Bgad48.ltrans0.ltrans.o
 .data.gEfiGraphicsOutputProtocolGuid
                0x00000000000028d0       0x10 /tmp/ToyBootPkg.dll.Bgad48.ltrans0.ltrans.o
 .data.rel.ro   0x00000000000028e0        0x0 Boot.obj (symbol from plugin)
 *(.bss .bss.*)
 .bss.gImageHandle
                0x00000000000028e0        0x8 /tmp/ToyBootPkg.dll.Bgad48.ltrans0.ltrans.o
 .bss.gRT       0x00000000000028e8        0x8 /tmp/ToyBootPkg.dll.Bgad48.ltrans0.ltrans.o
 .bss.mExitBootServicesEvent
                0x00000000000028f0        0x8 /tmp/ToyBootPkg.dll.Bgad48.ltrans0.ltrans.o
 .bss.gST       0x00000000000028f8        0x8 /tmp/ToyBootPkg.dll.Bgad48.ltrans0.ltrans.o
 .bss.gBS       0x0000000000002900        0x8 /tmp/ToyBootPkg.dll.Bgad48.ltrans0.ltrans.o
 .bss.mDebugST  0x0000000000002908        0x8 /tmp/ToyBootPkg.dll.Bgad48.ltrans0.ltrans.o
 .bss.mPostEBS  0x0000000000002910        0x1 /tmp/ToyBootPkg.dll.Bgad48.ltrans0.ltrans.o

.eh_frame       0x0000000000002940        0x0
 *(.eh_frame)
 .eh_frame      0x0000000000002940        0x0 Boot.obj (symbol from plugin)
 .eh_frame      0x0000000000002940        0x0 Boot.obj (symbol from plugin)

.dynbss         0x0000000000002940        0x0
 .dynbss        0x0000000000002940        0x0 Boot.obj (symbol from plugin)

.gnu.version_d  0x0000000000002940        0x0
 .gnu.version_d
                0x0000000000002940        0x0 Boot.obj (symbol from plugin)

.gnu.version    0x0000000000002940        0x0
 .gnu.version   0x0000000000002940        0x0 Boot.obj (symbol from plugin)

.gnu.version_r  0x0000000000002940        0x0
 .gnu.version_r
                0x0000000000002940        0x0 Boot.obj (symbol from plugin)

.rela           0x0000000000002940        0x0
 *(.rela .rela.*)
 .rela.plt      0x0000000000002940        0x0 Boot.obj (symbol from plugin)
 .rela.got      0x0000000000002940        0x0 Boot.obj (symbol from plugin)
 .rela.bss      0x0000000000002940        0x0 Boot.obj (symbol from plugin)
 .rela.data.rel.ro
                0x0000000000002940        0x0 Boot.obj (symbol from plugin)
 .rela.ifunc    0x0000000000002940        0x0 Boot.obj (symbol from plugin)

.hii
 *(.hii)

.build-id       0x0000000000002940       0x24
 *(.note.gnu.build-id)
 .note.gnu.build-id
                0x0000000000002940       0x24 Boot.obj (symbol from plugin)

/DISCARD/
 *(.note.GNU-stack)
 *(.gnu_debuglink)
 *(.interp)
 *(.dynsym)
 *(.dynstr)
 *(.dynamic)
 *(.hash .gnu.hash)
 *(.comment)
OUTPUT(/data/edk2/ToyBootPkg/Build/DEBUG_GCC5/X64/ToyBootPkg/ToyBootPkg/DEBUG/ToyBootPkg.dll elf64-x86-64)

.debug_info     0x0000000000000000    0x27a86
 .debug_info    0x0000000000000000     0x26fc /tmp/ToyBootPkg.dll.Bgad48.ltrans0.ltrans.o
 .debug_info    0x00000000000026fc     0x224d /tmp/ccfZmtDa.debug.temp.o
                0x00000000000026fc                Boot.c.55059be3
 .debug_info    0x0000000000004949     0x219b /tmp/ccZqypG9.debug.temp.o
                0x0000000000004949                Load.c.89edb754
 .debug_info    0x0000000000006ae4     0x1dba /tmp/ccTECN4a.debug.temp.o
                0x0000000000006ae4                Prograss.c.2f2e85dd
 .debug_info    0x000000000000889e     0x1a37 /tmp/ccmrkNY9.debug.temp.o
                0x000000000000889e                Protocol.c.af586cda
 .debug_info    0x000000000000a2d5     0x1f54 /tmp/ccZ0IRfc.debug.temp.o
                0x000000000000a2d5                File.c.f3129859
 .debug_info    0x000000000000c229     0x1a91 /tmp/ccuM9e89.debug.temp.o
                0x000000000000c229                Tools.c.49d0a43e
 .debug_info    0x000000000000dcba     0x1b3f /tmp/ccWvZmbc.debug.temp.o
                0x000000000000dcba                MemoryUefi.c.0c47f2ac
 .debug_info    0x000000000000f7f9     0x1a15 /tmp/ccax0Npb.debug.temp.o
                0x000000000000f7f9                Log.c.a111ebb6
 .debug_info    0x000000000001120e     0x221f /tmp/cctzGiRb.debug.temp.o
                0x000000000001120e                Video.c.c351df2f
 .debug_info    0x000000000001342d     0x1c6a /tmp/ccSZ2KGa.debug.temp.o
                0x000000000001342d                AutoGen.c.b5d0cfc8
 .debug_info    0x0000000000015097      0x457 /tmp/ccwGu2Pa.debug.temp.o
                0x0000000000015097                CheckSum.c.c398c0d9
 .debug_info    0x00000000000154ee      0x238 /tmp/cc8fJ9Ga.debug.temp.o
                0x00000000000154ee                SwitchStack.c.585c97fb
 .debug_info    0x0000000000015726      0x2b1 /tmp/cctup6Sa.debug.temp.o
                0x0000000000015726                LongJump.c.3708e822
 .debug_info    0x00000000000159d7      0x2a5 /tmp/ccy6pXa8.debug.temp.o
                0x00000000000159d7                SetJump.c.67231c76
 .debug_info    0x0000000000015c7c      0x26c /tmp/ccg9EUhc.debug.temp.o
                0x0000000000015c7c                QuickSort.c.24e75341
 .debug_info    0x0000000000015ee8      0x1db /tmp/ccPEFbda.debug.temp.o
                0x0000000000015ee8                MultS64x64.c.78183b2b
 .debug_info    0x00000000000160c3      0x1e5 /tmp/ccvXj3Qa.debug.temp.o
                0x00000000000160c3                DivU64x32Remainder.c.c48d09d9
 .debug_info    0x00000000000162a8      0x1d0 /tmp/ccBkB2vc.debug.temp.o
                0x00000000000162a8                CpuDeadLoop.c.483c861d
 .debug_info    0x0000000000016478     0x1004 /tmp/cclhGanc.debug.temp.o
                0x0000000000016478                SafeString.c.807cf594
 .debug_info    0x000000000001747c      0x43c /tmp/cce0fqZa.debug.temp.o
                0x000000000001747c                Math64.c.da433190
 .debug_info    0x00000000000178b8      0x2f0 /tmp/cciHf8i9.debug.temp.o
                0x00000000000178b8                Unaligned.c.ac74f7c1
 .debug_info    0x0000000000017ba8      0x458 /tmp/ccVwgo18.debug.temp.o
                0x0000000000017ba8                GccInline.c.088a69a0
 .debug_info    0x0000000000018000      0x18d /tmp/ccZGAgvc.debug.temp.o
                0x0000000000018000                BaseDebugPrintErrorLevelLib.c.fc2d228f
 .debug_info    0x000000000001818d      0x763 /tmp/ccOB3tE9.debug.temp.o
                0x000000000001818d                PrintLibInternal.c.189aa73c
 .debug_info    0x00000000000188f0      0x658 /tmp/cccTcQEc.debug.temp.o
                0x00000000000188f0                PrintLib.c.feeb4e1c
 .debug_info    0x0000000000018f48     0x1ab8 /tmp/cc975nja.debug.temp.o
                0x0000000000018f48                DebugLib.c.721e12fd
 .debug_info    0x000000000001aa00     0x1952 /tmp/ccZ78mMb.debug.temp.o
                0x000000000001aa00                DebugLibConstructor.c.a9920252
 .debug_info    0x000000000001c352     0x18e1 /tmp/ccvFcSXb.debug.temp.o
                0x000000000001c352                UefiBootServicesTableLib.c.f17572e1
 .debug_info    0x000000000001dc33     0x1de1 /tmp/ccpDpOX8.debug.temp.o
                0x000000000001dc33                MemoryAllocationLib.c.5cf0b350
 .debug_info    0x000000000001fa14     0x18b2 /tmp/ccXnI4Cc.debug.temp.o
                0x000000000001fa14                UefiRuntimeServicesTableLib.c.0c39c082
 .debug_info    0x00000000000212c6     0x1929 /tmp/cc0sRuvb.debug.temp.o
                0x00000000000212c6                ApplicationEntryPoint.c.7e555816
 .debug_info    0x0000000000022bef     0x2720 /tmp/ccNXVUDa.debug.temp.o
                0x0000000000022bef                UefiLibPrint.c.4ce07584
 .debug_info    0x000000000002530f     0x2777 /tmp/ccV4kP77.debug.temp.o
                0x000000000002530f                UefiLib.c.2836b430

.debug_abbrev   0x0000000000000000     0x34f1
 .debug_abbrev  0x0000000000000000      0x1e3 /tmp/ToyBootPkg.dll.Bgad48.ltrans0.ltrans.o
 .debug_abbrev  0x00000000000001e3      0x1e3 /tmp/ccfZmtDa.debug.temp.o
 .debug_abbrev  0x00000000000003c6      0x20c /tmp/ccZqypG9.debug.temp.o
 .debug_abbrev  0x00000000000005d2      0x207 /tmp/ccTECN4a.debug.temp.o
 .debug_abbrev  0x00000000000007d9      0x1e9 /tmp/ccmrkNY9.debug.temp.o
 .debug_abbrev  0x00000000000009c2      0x1d6 /tmp/ccZ0IRfc.debug.temp.o
 .debug_abbrev  0x0000000000000b98      0x1fd /tmp/ccuM9e89.debug.temp.o
 .debug_abbrev  0x0000000000000d95      0x1fd /tmp/ccWvZmbc.debug.temp.o
 .debug_abbrev  0x0000000000000f92      0x1fa /tmp/ccax0Npb.debug.temp.o
 .debug_abbrev  0x000000000000118c      0x1f9 /tmp/cctzGiRb.debug.temp.o
 .debug_abbrev  0x0000000000001385      0x254 /tmp/ccSZ2KGa.debug.temp.o
 .debug_abbrev  0x00000000000015d9      0x13e /tmp/ccwGu2Pa.debug.temp.o
 .debug_abbrev  0x0000000000001717       0xf4 /tmp/cc8fJ9Ga.debug.temp.o
 .debug_abbrev  0x000000000000180b       0xd1 /tmp/cctup6Sa.debug.temp.o
 .debug_abbrev  0x00000000000018dc       0xd1 /tmp/ccy6pXa8.debug.temp.o
 .debug_abbrev  0x00000000000019ad       0xeb /tmp/ccg9EUhc.debug.temp.o
 .debug_abbrev  0x0000000000001a98       0xb1 /tmp/ccPEFbda.debug.temp.o
 .debug_abbrev  0x0000000000001b49       0xb3 /tmp/ccvXj3Qa.debug.temp.o
 .debug_abbrev  0x0000000000001bfc       0xb6 /tmp/ccBkB2vc.debug.temp.o
 .debug_abbrev  0x0000000000001cb2      0x138 /tmp/cclhGanc.debug.temp.o
 .debug_abbrev  0x0000000000001dea       0xf9 /tmp/cce0fqZa.debug.temp.o
 .debug_abbrev  0x0000000000001ee3       0xb3 /tmp/cciHf8i9.debug.temp.o
 .debug_abbrev  0x0000000000001f96      0x164 /tmp/ccVwgo18.debug.temp.o
 .debug_abbrev  0x00000000000020fa       0xc6 /tmp/ccZGAgvc.debug.temp.o
 .debug_abbrev  0x00000000000021c0      0x149 /tmp/ccOB3tE9.debug.temp.o
 .debug_abbrev  0x0000000000002309      0x138 /tmp/cccTcQEc.debug.temp.o
 .debug_abbrev  0x0000000000002441      0x225 /tmp/cc975nja.debug.temp.o
 .debug_abbrev  0x0000000000002666      0x1e5 /tmp/ccZ78mMb.debug.temp.o
 .debug_abbrev  0x000000000000284b      0x1dd /tmp/ccvFcSXb.debug.temp.o
 .debug_abbrev  0x0000000000002a28      0x242 /tmp/ccpDpOX8.debug.temp.o
 .debug_abbrev  0x0000000000002c6a      0x1c3 /tmp/ccXnI4Cc.debug.temp.o
 .debug_abbrev  0x0000000000002e2d      0x1fc /tmp/cc0sRuvb.debug.temp.o
 .debug_abbrev  0x0000000000003029      0x272 /tmp/ccNXVUDa.debug.temp.o
 .debug_abbrev  0x000000000000329b      0x256 /tmp/ccV4kP77.debug.temp.o

.debug_loc      0x0000000000000000     0x4955
 .debug_loc     0x0000000000000000     0x4955 /tmp/ToyBootPkg.dll.Bgad48.ltrans0.ltrans.o

.debug_aranges  0x0000000000000000      0x1a0
 .debug_aranges
                0x0000000000000000      0x1a0 /tmp/ToyBootPkg.dll.Bgad48.ltrans0.ltrans.o

.debug_ranges   0x0000000000000000      0xf00
 .debug_ranges  0x0000000000000000      0xf00 /tmp/ToyBootPkg.dll.Bgad48.ltrans0.ltrans.o

.debug_line     0x0000000000000000     0x560b
 .debug_line    0x0000000000000000     0x185f /tmp/ToyBootPkg.dll.Bgad48.ltrans0.ltrans.o
 .debug_line    0x000000000000185f      0x2b5 /tmp/ccfZmtDa.debug.temp.o
 .debug_line    0x0000000000001b14      0x2a8 /tmp/ccZqypG9.debug.temp.o
 .debug_line    0x0000000000001dbc      0x273 /tmp/ccTECN4a.debug.temp.o
 .debug_line    0x000000000000202f      0x251 /tmp/ccmrkNY9.debug.temp.o
 .debug_line    0x0000000000002280      0x26e /tmp/ccZ0IRfc.debug.temp.o
 .debug_line    0x00000000000024ee      0x264 /tmp/ccuM9e89.debug.temp.o
 .debug_line    0x0000000000002752      0x272 /tmp/ccWvZmbc.debug.temp.o
 .debug_line    0x00000000000029c4      0x24c /tmp/ccax0Npb.debug.temp.o
 .debug_line    0x0000000000002c10      0x28e /tmp/cctzGiRb.debug.temp.o
 .debug_line    0x0000000000002e9e      0x24b /tmp/ccSZ2KGa.debug.temp.o
 .debug_line    0x00000000000030e9      0x100 /tmp/ccwGu2Pa.debug.temp.o
 .debug_line    0x00000000000031e9      0x132 /tmp/cc8fJ9Ga.debug.temp.o
 .debug_line    0x000000000000331b      0x12f /tmp/cctup6Sa.debug.temp.o
 .debug_line    0x000000000000344a      0x12e /tmp/ccy6pXa8.debug.temp.o
 .debug_line    0x0000000000003578      0x130 /tmp/ccg9EUhc.debug.temp.o
 .debug_line    0x00000000000036a8      0x102 /tmp/ccPEFbda.debug.temp.o
 .debug_line    0x00000000000037aa      0x10a /tmp/ccvXj3Qa.debug.temp.o
 .debug_line    0x00000000000038b4      0x103 /tmp/ccBkB2vc.debug.temp.o
 .debug_line    0x00000000000039b7      0x102 /tmp/cclhGanc.debug.temp.o
 .debug_line    0x0000000000003ab9       0xfe /tmp/cce0fqZa.debug.temp.o
 .debug_line    0x0000000000003bb7      0x101 /tmp/cciHf8i9.debug.temp.o
 .debug_line    0x0000000000003cb8      0x134 /tmp/ccVwgo18.debug.temp.o
 .debug_line    0x0000000000003dec      0x14f /tmp/ccZGAgvc.debug.temp.o
 .debug_line    0x0000000000003f3b      0x12d /tmp/ccOB3tE9.debug.temp.o
 .debug_line    0x0000000000004068      0x10f /tmp/cccTcQEc.debug.temp.o
 .debug_line    0x0000000000004177      0x239 /tmp/cc975nja.debug.temp.o
 .debug_line    0x00000000000043b0      0x244 /tmp/ccZ78mMb.debug.temp.o
 .debug_line    0x00000000000045f4      0x29b /tmp/ccvFcSXb.debug.temp.o
 .debug_line    0x000000000000488f      0x293 /tmp/ccpDpOX8.debug.temp.o
 .debug_line    0x0000000000004b22      0x267 /tmp/ccXnI4Cc.debug.temp.o
 .debug_line    0x0000000000004d89      0x2ba /tmp/cc0sRuvb.debug.temp.o
 .debug_line    0x0000000000005043      0x2fe /tmp/ccNXVUDa.debug.temp.o
 .debug_line    0x0000000000005341      0x2ca /tmp/ccV4kP77.debug.temp.o

.debug_str      0x0000000000000000     0x474a
 .debug_str     0x0000000000000000      0x1bc /tmp/ToyBootPkg.dll.Bgad48.ltrans0.ltrans.o
                                        0x1ce (size before relaxing)
 .debug_str     0x00000000000001bc     0x1b41 /tmp/ccfZmtDa.debug.temp.o
                                       0x1d36 (size before relaxing)
 .debug_str     0x0000000000001cfd      0x167 /tmp/ccZqypG9.debug.temp.o
                                       0x1b2b (size before relaxing)
 .debug_str     0x0000000000001e64       0x46 /tmp/ccTECN4a.debug.temp.o
                                       0x1a2e (size before relaxing)
 .debug_str     0x0000000000001eaa       0x72 /tmp/ccmrkNY9.debug.temp.o
                                       0x172c (size before relaxing)
 .debug_str     0x0000000000001f1c       0xb4 /tmp/ccZ0IRfc.debug.temp.o
                                       0x1a18 (size before relaxing)
 .debug_str     0x0000000000001fd0       0x5c /tmp/ccuM9e89.debug.temp.o
                                       0x1751 (size before relaxing)
 .debug_str     0x000000000000202c       0x78 /tmp/ccWvZmbc.debug.temp.o
                                       0x1775 (size before relaxing)
 .debug_str     0x00000000000020a4       0x60 /tmp/ccax0Npb.debug.temp.o
                                       0x170a (size before relaxing)
 .debug_str     0x0000000000002104       0xae /tmp/cctzGiRb.debug.temp.o
                                       0x1cf5 (size before relaxing)
 .debug_str     0x00000000000021b2      0x40e /tmp/ccSZ2KGa.debug.temp.o
                                       0x1ab7 (size before relaxing)
 .debug_str     0x00000000000025c0      0x11a /tmp/ccwGu2Pa.debug.temp.o
                                        0x4cc (size before relaxing)
 .debug_str     0x00000000000026da       0x8d /tmp/cc8fJ9Ga.debug.temp.o
                                        0x472 (size before relaxing)
 .debug_str     0x0000000000002767       0x5f /tmp/cctup6Sa.debug.temp.o
                                        0x443 (size before relaxing)
 .debug_str     0x00000000000027c6       0x45 /tmp/ccy6pXa8.debug.temp.o
                                        0x44c (size before relaxing)
 .debug_str     0x000000000000280b       0xa5 /tmp/ccg9EUhc.debug.temp.o
                                        0x489 (size before relaxing)
 .debug_str     0x00000000000028b0       0x52 /tmp/ccPEFbda.debug.temp.o
                                        0x425 (size before relaxing)
 .debug_str     0x0000000000002902       0x5b /tmp/ccvXj3Qa.debug.temp.o
                                        0x432 (size before relaxing)
 .debug_str     0x000000000000295d       0x3c /tmp/ccBkB2vc.debug.temp.o
                                        0x415 (size before relaxing)
 .debug_str     0x0000000000002999      0x2eb /tmp/cclhGanc.debug.temp.o
                                        0x7e1 (size before relaxing)
 .debug_str     0x0000000000002c84      0x17c /tmp/cce0fqZa.debug.temp.o
                                        0x593 (size before relaxing)
 .debug_str     0x0000000000002e00       0xb2 /tmp/cciHf8i9.debug.temp.o
                                        0x48c (size before relaxing)
 .debug_str     0x0000000000002eb2      0x16b /tmp/ccVwgo18.debug.temp.o
                                        0x557 (size before relaxing)
 .debug_str     0x000000000000301d       0xf6 /tmp/ccZGAgvc.debug.temp.o
                                        0x394 (size before relaxing)
 .debug_str     0x0000000000003113      0x2af /tmp/ccOB3tE9.debug.temp.o
                                        0x69d (size before relaxing)
 .debug_str     0x00000000000033c2      0x179 /tmp/cccTcQEc.debug.temp.o
                                        0x533 (size before relaxing)
 .debug_str     0x000000000000353b      0x183 /tmp/cc975nja.debug.temp.o
                                       0x16cd (size before relaxing)
 .debug_str     0x00000000000036be       0xa0 /tmp/ccZ78mMb.debug.temp.o
                                       0x1616 (size before relaxing)
 .debug_str     0x000000000000375e       0xde /tmp/ccvFcSXb.debug.temp.o
                                       0x1544 (size before relaxing)
 .debug_str     0x000000000000383c      0x2eb /tmp/ccpDpOX8.debug.temp.o
                                       0x17b0 (size before relaxing)
 .debug_str     0x0000000000003b27       0xed /tmp/ccXnI4Cc.debug.temp.o
                                       0x1546 (size before relaxing)
 .debug_str     0x0000000000003c14       0xd4 /tmp/cc0sRuvb.debug.temp.o
                                       0x1556 (size before relaxing)
 .debug_str     0x0000000000003ce8      0x5b8 /tmp/ccNXVUDa.debug.temp.o
                                       0x2117 (size before relaxing)
 .debug_str     0x00000000000042a0      0x4aa /tmp/ccV4kP77.debug.temp.o
                                       0x2065 (size before relaxing)

.debug_frame    0x0000000000000000      0x618
 .debug_frame   0x0000000000000000      0x618 /tmp/ToyBootPkg.dll.Bgad48.ltrans0.ltrans.o
